src/components/sections/Skills.tsx(12,29): error TS2305: Module '"react-icons/si"' has no exported member 'SiVisualstudiocode'.
